
> stackblitz-starters-vxcrzm@0.0.0 build
> ng build

[1m[33mWorkspace extension with invalid name (packageManager) found.[39m[22m
[33m❯[39m Building...
[32m✔[39m Building...
[1mInitial chunk files[22m[2m | [22m[1mNames[22m                   [2m | [22m [1mRaw size[22m[2m | [22m[1mEstimated transfer size[22m
[32mmain.js[39m            [2m | [22m[2mmain[22m                    [2m | [22m[36m430.15 kB[39m[2m | [22m              [36m114.74 kB[39m
[32mchunk-SBWJ3WSM.js[39m  [2m | [22m[2m-[22m                       [2m | [22m[36m168.06 kB[39m[2m | [22m               [36m49.48 kB[39m
[32mchunk-EQ5QZTLL.js[39m  [2m | [22m[2m-[22m                       [2m | [22m [36m78.61 kB[39m[2m | [22m               [36m20.11 kB[39m
[32mchunk-VR4KUU3Y.js[39m  [2m | [22m[2m-[22m                       [2m | [22m [36m71.43 kB[39m[2m | [22m               [36m21.14 kB[39m
[32mstyles.css[39m         [2m | [22m[2mstyles[22m                  [2m | [22m [36m59.82 kB[39m[2m | [22m                [36m5.97 kB[39m
[32mchunk-OS5HBNKV.js[39m  [2m | [22m[2m-[22m                       [2m | [22m[36m968 bytes[39m[2m | [22m              [36m968 bytes[39m
[32mchunk-7CGTOI24.js[39m  [2m | [22m[2m-[22m                       [2m | [22m[36m618 bytes[39m[2m | [22m              [36m618 bytes[39m

[1m [22m                  [2m | [22m[1mInitial total[22m           [2m | [22m[1m809.65 kB[22m[2m | [22m              [1m213.04 kB[22m

[1mLazy chunk files[22m   [2m | [22m[1mNames[22m                   [2m | [22m [1mRaw size[22m[2m | [22m[1mEstimated transfer size[22m
[32mchunk-GCLJKSZS.js[39m  [2m | [22m[2mglobal-shell-component[22m  [2m | [22m[36m209.98 kB[39m[2m | [22m               [36m38.22 kB[39m
[32mchunk-YF4PY2BQ.js[39m  [2m | [22m[2m-[22m                       [2m | [22m [36m39.59 kB[39m[2m | [22m                [36m8.31 kB[39m
[32mchunk-IYBFY2MA.js[39m  [2m | [22m[2m-[22m                       [2m | [22m [36m21.10 kB[39m[2m | [22m                [36m5.88 kB[39m
[32mchunk-E3L44ZWU.js[39m  [2m | [22m[2m-[22m                       [2m | [22m [36m12.01 kB[39m[2m | [22m                [36m3.23 kB[39m
[32mchunk-UHPHYIIH.js[39m  [2m | [22m[2mtasks-module[22m            [2m | [22m [36m11.95 kB[39m[2m | [22m                [36m3.16 kB[39m
[32mchunk-GOYCBWCN.js[39m  [2m | [22m[2mindex[22m                   [2m | [22m  [36m9.39 kB[39m[2m | [22m                [36m2.19 kB[39m
[32mchunk-SFJE7OPU.js[39m  [2m | [22m[2mworkspace-host-component[22m[2m | [22m  [36m6.17 kB[39m[2m | [22m                [36m1.67 kB[39m
[32mchunk-FYZ657LM.js[39m  [2m | [22m[2moverview-module[22m         [2m | [22m  [36m2.96 kB[39m[2m | [22m                [36m1.07 kB[39m
[32mchunk-65ORWAF3.js[39m  [2m | [22m[2macceptance-module[22m       [2m | [22m  [36m2.82 kB[39m[2m | [22m              [36m982 bytes[39m
[32mchunk-5APL4LKQ.js[39m  [2m | [22m[2mindex[22m                   [2m | [22m  [36m2.81 kB[39m[2m | [22m              [36m752 bytes[39m
[32mchunk-AEOK2PKC.js[39m  [2m | [22m[2mquality-control-module[22m  [2m | [22m  [36m2.78 kB[39m[2m | [22m              [36m961 bytes[39m
[32mchunk-4T4G6MCI.js[39m  [2m | [22m[2mmembers-module[22m          [2m | [22m  [36m2.77 kB[39m[2m | [22m              [36m977 bytes[39m
[32mchunk-CVJIPNZC.js[39m  [2m | [22m[2mdaily-module[22m            [2m | [22m  [36m2.75 kB[39m[2m | [22m              [36m984 bytes[39m
[32mchunk-M2M7C3Q4.js[39m  [2m | [22m[2mpermissions-module[22m      [2m | [22m  [36m2.73 kB[39m[2m | [22m              [36m944 bytes[39m
[32mchunk-W5A3Y3EW.js[39m  [2m | [22m[2mdocuments-module[22m        [2m | [22m  [36m2.70 kB[39m[2m | [22m              [36m945 bytes[39m
[2m...and 6 more lazy chunks files. Use "--verbose" to show all the files.[22m

Application bundle generation complete. [9.944 seconds]

Output location: /home/runner/work/Black-Tortoise/Black-Tortoise/dist/demo

